// Jest Snapshot v1, https://goo.gl/fbAQLP

exports[`matches snapshot 1`] = `
<DocumentFragment>
  <div
    class="RoutesList"
  >
    <div
      class="HomePage"
    >
      <h1>
        Jobly
      </h1>
      <p>
        All the jobs in one, convenient place.
      </p>
      <p>
        Welcome back !
      </p>
    </div>
  </div>
</DocumentFragment>
`;
